core_cm7.h:1896:22:__NVIC_EnableIRQ	16	static
core_cm7.h:2024:22:__NVIC_SetPriority	16	static
core_cm7.h:2564:26:SysTick_Config	16	static
main.c:55:6:initialization	16	static,ignoring_inline_asm
main.c:346:6:change_digit_1	112	static
main.c:408:6:change_digit_2	104	static
main.c:467:6:change_digit_3	288	static
main.c:640:6:SysTick_Handler	8	static
main.c:715:6:EXTI0_IRQHandler	16	static
main.c:722:6:EXTI1_IRQHandler	8	static
main.c:728:6:EXTI2_IRQHandler	8	static
main.c:734:6:EXTI3_IRQHandler	8	static
main.c:740:6:EXTI4_IRQHandler	8	static
main.c:746:5:main	16	static
