core_cm7.h:1896:22:__NVIC_EnableIRQ	16	static
core_cm7.h:2024:22:__NVIC_SetPriority	16	static
core_cm7.h:2564:26:SysTick_Config	16	static
main.c:60:6:initialization	16	static,ignoring_inline_asm
main.c:355:6:change_digit_1	112	static
main.c:417:6:change_digit_2	104	static
main.c:475:6:change_digit_3	312	static
main.c:663:6:SysTick_Handler	8	static
main.c:756:6:EXTI0_IRQHandler	16	static
main.c:788:6:EXTI1_IRQHandler	16	static
main.c:816:6:EXTI2_IRQHandler	16	static
main.c:848:6:EXTI3_IRQHandler	16	static
main.c:875:6:EXTI4_IRQHandler	16	static
main.c:898:5:main	16	static
